{
  "weather": "黄",
  "score": -5.0,
  "danger": "HIGH",
  "up_prob": 19.0,
  "down_prob": 81.0,
  "total_position": -0.43,
  "allocations": {
    "nikkei_etf": -0.3,
    "semi_etf": -0.13,
    "cash": 0.57
  }
}
{
  "open_up_prob": 9.0,
  "open_down_prob": 91.0,
  "gap_bias": "DOWN"
}
{
  "confidence": 93.6,
  "level": "HIGH"
}
{
  "weather": "黄",
  "score": "-5",
  "danger": "HIGH",
  "market_temp": "COLD",
  "action": "戻り売り優勢",
  "up_prob": "19%",
  "down_prob": "81%",
  "position": {
    "weather": "黄",
    "score": -5.0,
    "danger": "HIGH",
    "up_prob": 19.0,
    "down_prob": 81.0,
    "total_position": -0.43,
    "allocations": {
      "nikkei_etf": -0.3,
      "semi_etf": -0.13,
      "cash": 0.57
    }
  },
  "open": {
    "open_up_prob": 9.0,
    "open_down_prob": 91.0,
    "gap_bias": "DOWN"
  },
  "confidence": {
    "confidence": 93.6,
    "level": "HIGH"
  }
}
DONE
天気：JP=黄
スコア：-5
危険度：HIGH
市場温度：COLD
売買判断：戻り売り優勢
上昇確率：19%
下落確率：81%

AIコメント
短期は弱含みです。 25日線を下回る指数が多く、戻り売りに注意です。 長期トレンドは維持されています。 VIXが高く、リスク管理が必要な地合いです。

理由
日経ETF 5日下降 -1
日経ETF 25日線下 -1
日経ETF 200日線上 +1
TOPIX 5日下降 -1
TOPIX 25日線下 -1
TOPIX 200日線上 +1
半導体ETF 5日下降 -1
半導体ETF 25日線下 -1
半導体ETF 200日線上 +1
QQQ 5日下降 -1
QQQ 25日線下 -1
QQQ 200日線上 +1
SOXX 5日下降 -1
SOXX 25日線下 -1
SOXX 200日線上 +1
VIX 高い -1
USDJPY 円安 +1

詳細
日経ETF: 終値=3778.00, 5日騰落率=-1.79%, 25MA=3951.80, 200MA=3385.59, RSI=37.1
TOPIX: 終値=55550.00, 5日騰落率=-1.42%, 25MA=58364.80, 200MA=48641.30, RSI=36.3
半導体ETF: 終値=369.00, 5日騰落率=-1.86%, 25MA=386.04, 200MA=332.95, RSI=37.7
QQQ: 終値=593.72, 5日騰落率=-2.31%, 25MA=606.25, 200MA=591.00, RSI=44.8
SOXX: 終値=331.32, 5日騰落率=-1.50%, 25MA=348.43, 200MA=283.96, RSI=37.4
VIX: 終値=27.19
USDJPY: 終値=159.32, 5日変化=0.94%
BTC: 終値=74031.95, 5日変化=5.45%

更新 2026-08-04 08:46
{
  "weather": "黄",
  "score": -5.0,
  "danger": "HIGH",
  "up_prob": 19.0,
  "down_prob": 81.0,
  "total_position": -0.43,
  "allocations": {
    "nikkei_etf": -0.3,
    "semi_etf": -0.13,
    "cash": 0.57
  }
}
{
  "open_up_prob": 9.0,
  "open_down_prob": 91.0,
  "gap_bias": "DOWN"
}
{'open_filter': 'SKIP', 'reason': '下ギャップ×ショート危険'}
{
  "confidence": 93.6,
  "level": "HIGH"
}
{
  "event_level": "LOW",
  "event_reason": "通常日"
}
{
  "news_level": "HIGH",
  "news_reason": "ネガティブニュース多発",
  "news_score": -12,
  "headlines": [
    {
      "title": "日経平均、米株高が支え 円高への転換には警戒感（先読み株式相場） - 日本経済新聞",
      "score": -1,
      "link": "https://news.google.com/rss/articles/CBMibEFVX3lxTE5PcV84VHdlRldJOVYtRi1BeDJSUWVWX2wtZ3JJVjVIekdoODhILVlQVWxDaFFCei04SXFzb1ItbGVhTXRNU1B5NEpDRlVmYUJERVdHc051TjFDd0x4TVdOUDhITFhOYkREX3BGbQ?oc=5"
    },
    {
      "title": "【テクニカル】日経平均株価テクニカル分析－前日大幅高の反動、はらみ足を形成 - 外為どっとコム",
      "score": 0,
      "link": "https://news.google.com/rss/articles/CBMiY0FVX3lxTE9ZV2NmRHpiQ2RqTXFGM0FISlk2ZHV1ZjI1aHRRelpWSUh1ellYcDlnLWpsU3htT0d1cHlHVXJ1czFzSTFJT2I2blBSNUVBTk5qbHVObi1CU3RaM2pnUXNBQm81dw?oc=5"
    },
    {
      "title": "日経平均は反落、円高警戒で売り優勢 後半下げ渋る - ロイター",
      "score": -2,
      "link": "https://news.google.com/rss/articles/CBMigAFBVV95cUxNNmJEcHZxdUlWTHo5NmVidk8tbmdfekdVbUoxamthZzlzMTZqbldPbnBnQk42S0lnR0IxWG1vQjdaM211ZmliVkw0LTRlQmk1VDdHWnZwaC0yMGVibDdaSm5KVXIwYnRvenF2ZlhqU3NfZTFJZVVBUkhnU1NyWUs3SQ?oc=5"
    },
    {
      "title": "伊藤智洋が読む「日経平均株価・短期シナリオ」 (8月4日記） - 株探",
      "score": 0,
      "link": "https://news.google.com/rss/articles/CBMiYEFVX3lxTE9Fd25QamVjN3Vfb0QtOHMySnhnRTMzYmIxeTFnNW5zWFpNXzZnb0FsYU10YV8wT3ctS3QtSEpsbXI3VmNzV2RnRzhhN0otZ2FURXhpUkZlNkg0anpHXzZFeA?oc=5"
    },
    {
      "title": "日経平均株価の終値６万３７５４円、前週末から６０７円値下がり…自動車など幅広い銘柄が売られる - 読売新聞",
      "score": 0,
      "link": "https://news.google.com/rss/articles/CBMiZEFVX3lxTE9OaHM4c1lvamhxOWl3Y2c5enlGOE5SbTUzZWVucFIyUVlUNVREVlI5TlhNV3hGVTBhS2ZhQjZpODQ5STFfLWVxUUlDN3Z2TXhmOTRGeC1ZaWcwdTRCamV0bmRaZU8?oc=5"
    },
    {
      "title": "「半導体、光電融合はなぜ重要なのか」 熾烈な開発競争の深層が分かる本 - 日経BOOKプラス",
      "score": 0,
      "link": "https://news.google.com/rss/articles/CBMibEFVX3lxTE9GT0RzWHBNUVZuVk9jZXBEMVg4bWNOVnhQWHh1WUxid2RGdDdMYWtLZHd0OTJ5bkZ1ODA0UkRsOFRLMW1lcDljZTJqbzZxNUotdlFqbHByckRicXRnckhHa0NXUTZDQTQtRXFFTg?oc=5"
    },
    {
      "title": "半導体生産スピード復旧、10年前と違う要因 自動車・物流は不透明 [2026年熊本地震] - 朝日新聞",
      "score": -1,
      "link": "https://news.google.com/rss/articles/CBMiZ0FVX3lxTFBTMTBvYU9pRDZkbE03Q0dkdEo2LV8xZGptX0xhVkZLQTc0WnZZT0hTLXZuYWVnNll2UUwxTkFhWGphT3p2Ym5wcndsY0h4cU9RNlZySVl1bFBSd2haaVMta1FVRldUcEU?oc=5"
    },
    {
      "title": "中国、半導体設計情報の保護強化 規則厳格化と懲罰的賠償も - ロイター",
      "score": 0,
      "link": "https://news.google.com/rss/articles/CBMifkFVX3lxTE84cVVyTVczVm5sbThacWFJTVBJS3QySmZacWp0UXU0MkR0VHhHaml0TXNGcGxyakVjWU1EZ0U2TVlQd25KYmxGX1J1RElTYjR2ZWtXUFZvVE1HMTVwREpTa2FvSVRZY0ZSbGF5UDhtQ0NmSWp5YWpPNzhGcGtEQQ?oc=5"
    }
  ],
  "errors": []
}
{
  "consecutive_losses": 0,
  "consecutive_wins": 0,
  "penalty": 1.0,
  "decision": "NORMAL",
  "reason": "通常運転",
  "last_results": [
    -0.0,
    -0.0,
    -0.0,
    -0.0,
    -0.0,
    -0.0,
    -0.0,
    -0.0,
    -0.0,
    -0.0
  ]
}
{'boost': 1.0, 'status': 'FLAT', 'total_pnl': 0.0}
{'decision': 'SKIP', 'size': 0, 'confidence': 93.6, 'allowed_direction': 'LONG_ONLY', 'reason': '寄り危険（09:15まで待機）'}
{'entry': False, 'side': None, 'size': 0.0, 'nikkei_rsi': 37.1, 'current_pos': -0.43, 'reason': 'トレンド弱い'}
{'stop': False, 'reason': '正常'}
{'take_profit': False, 'reason': 'なし'}
{'stop_loss': False, 'reason': 'なし'}
{'action': 'HOLD', 'side': None, 'size': 0, 'reason': '待機'}
{
  "weather": "黄",
  "score": "-5",
  "danger": "HIGH",
  "market_temp": "COLD",
  "action": "戻り売り優勢",
  "up_prob": "19%",
  "down_prob": "81%",
  "updated_at": "2026-08-04 08:46",
  "capital": 500000,
  "pnl_stats": {
    "last_pnl": "-0.0",
    "cumulative_pnl": 0.0,
    "win_count": 0,
    "loss_count": 0,
    "trade_count": 195,
    "win_rate": 0.0
  },
  "position": {
    "weather": "黄",
    "score": -5.0,
    "danger": "HIGH",
    "up_prob": 19.0,
    "down_prob": 81.0,
    "total_position": -0.43,
    "allocations": {
      "nikkei_etf": -0.3,
      "semi_etf": -0.13,
      "cash": 0.57
    }
  },
  "open": {
    "open_up_prob": 9.0,
    "open_down_prob": 91.0,
    "gap_bias": "DOWN"
  },
  "confidence": {
    "confidence": 93.6,
    "level": "HIGH"
  },
  "filter": {
    "decision": "SKIP",
    "size": 0,
    "confidence": 93.6,
    "allowed_direction": "LONG_ONLY",
    "reason": "寄り危険（09:15まで待機）"
  },
  "event": {
    "event_level": "LOW",
    "event_reason": "通常日"
  },
  "news": {
    "news_level": "HIGH",
    "news_reason": "ネガティブニュース多発",
    "news_score": -12,
    "headlines": [
      {
        "title": "日経平均、米株高が支え 円高への転換には警戒感（先読み株式相場） - 日本経済新聞",
        "score": -1,
        "link": "https://news.google.com/rss/articles/CBMibEFVX3lxTE5PcV84VHdlRldJOVYtRi1BeDJSUWVWX2wtZ3JJVjVIekdoODhILVlQVWxDaFFCei04SXFzb1ItbGVhTXRNU1B5NEpDRlVmYUJERVdHc051TjFDd0x4TVdOUDhITFhOYkREX3BGbQ?oc=5"
      },
      {
        "title": "【テクニカル】日経平均株価テクニカル分析－前日大幅高の反動、はらみ足を形成 - 外為どっとコム",
        "score": 0,
        "link": "https://news.google.com/rss/articles/CBMiY0FVX3lxTE9ZV2NmRHpiQ2RqTXFGM0FISlk2ZHV1ZjI1aHRRelpWSUh1ellYcDlnLWpsU3htT0d1cHlHVXJ1czFzSTFJT2I2blBSNUVBTk5qbHVObi1CU3RaM2pnUXNBQm81dw?oc=5"
      },
      {
        "title": "日経平均は反落、円高警戒で売り優勢 後半下げ渋る - ロイター",
        "score": -2,
        "link": "https://news.google.com/rss/articles/CBMigAFBVV95cUxNNmJEcHZxdUlWTHo5NmVidk8tbmdfekdVbUoxamthZzlzMTZqbldPbnBnQk42S0lnR0IxWG1vQjdaM211ZmliVkw0LTRlQmk1VDdHWnZwaC0yMGVibDdaSm5KVXIwYnRvenF2ZlhqU3NfZTFJZVVBUkhnU1NyWUs3SQ?oc=5"
      },
      {
        "title": "伊藤智洋が読む「日経平均株価・短期シナリオ」 (8月4日記） - 株探",
        "score": 0,
        "link": "https://news.google.com/rss/articles/CBMiYEFVX3lxTE9Fd25QamVjN3Vfb0QtOHMySnhnRTMzYmIxeTFnNW5zWFpNXzZnb0FsYU10YV8wT3ctS3QtSEpsbXI3VmNzV2RnRzhhN0otZ2FURXhpUkZlNkg0anpHXzZFeA?oc=5"
      },
      {
        "title": "日経平均株価の終値６万３７５４円、前週末から６０７円値下がり…自動車など幅広い銘柄が売られる - 読売新聞",
        "score": 0,
        "link": "https://news.google.com/rss/articles/CBMiZEFVX3lxTE9OaHM4c1lvamhxOWl3Y2c5enlGOE5SbTUzZWVucFIyUVlUNVREVlI5TlhNV3hGVTBhS2ZhQjZpODQ5STFfLWVxUUlDN3Z2TXhmOTRGeC1ZaWcwdTRCamV0bmRaZU8?oc=5"
      },
      {
        "title": "「半導体、光電融合はなぜ重要なのか」 熾烈な開発競争の深層が分かる本 - 日経BOOKプラス",
        "score": 0,
        "link": "https://news.google.com/rss/articles/CBMibEFVX3lxTE9GT0RzWHBNUVZuVk9jZXBEMVg4bWNOVnhQWHh1WUxid2RGdDdMYWtLZHd0OTJ5bkZ1ODA0UkRsOFRLMW1lcDljZTJqbzZxNUotdlFqbHByckRicXRnckhHa0NXUTZDQTQtRXFFTg?oc=5"
      },
      {
        "title": "半導体生産スピード復旧、10年前と違う要因 自動車・物流は不透明 [2026年熊本地震] - 朝日新聞",
        "score": -1,
        "link": "https://news.google.com/rss/articles/CBMiZ0FVX3lxTFBTMTBvYU9pRDZkbE03Q0dkdEo2LV8xZGptX0xhVkZLQTc0WnZZT0hTLXZuYWVnNll2UUwxTkFhWGphT3p2Ym5wcndsY0h4cU9RNlZySVl1bFBSd2haaVMta1FVRldUcEU?oc=5"
      },
      {
        "title": "中国、半導体設計情報の保護強化 規則厳格化と懲罰的賠償も - ロイター",
        "score": 0,
        "link": "https://news.google.com/rss/articles/CBMifkFVX3lxTE84cVVyTVczVm5sbThacWFJTVBJS3QySmZacWp0UXU0MkR0VHhHaml0TXNGcGxyakVjWU1EZ0U2TVlQd25KYmxGX1J1RElTYjR2ZWtXUFZvVE1HMTVwREpTa2FvSVRZY0ZSbGF5UDhtQ0NmSWp5YWpPNzhGcGtEQQ?oc=5"
      }
    ],
    "errors": []
  },
  "streak": {
    "consecutive_losses": 0,
    "consecutive_wins": 0,
    "penalty": 1.0,
    "decision": "NORMAL",
    "reason": "通常運転",
    "last_results": [
      -0.0,
      -0.0,
      -0.0,
      -0.0,
      -0.0,
      -0.0,
      -0.0,
      -0.0,
      -0.0,
      -0.0
    ]
  }
}
logged: 2026-08-04 08:46,-5,-0.43,-0.3,-0.13,500000,3778.00,369.00,
updated paper_pnl: -0.0
logged: 2026-08-04 08:46,HOLD,None,0

DONE
